// Jest Snapshot v1, https://goo.gl/fbAQLP

exports[`should return constants correctly 1`] = `
Object {
  "DEFAULT_OUTPUT_FILE": "./base64.json",
  "DEFAULT_PATTERN": Array [
    "!node_modules",
    "!coverage",
  ],
  "DEFAULT_PLUGIN": Array [
    "imagemin-jpegtran",
    "imagemin-pngquant",
    "imagemin-svgo",
    "imagemin-gifsicle",
  ],
  "__esModule": true,
}
`;
