// Jest Snapshot v1, https://goo.gl/fbAQLP

exports[`should return constants correctly 1`] = `
Object {
  "DEFAULT_OUTPUT_FILE": "./base64.json",
  "DEFAULT_PATTERN": Array [
    "!**/node_modules",
    "!**/coverage",
    "!**/es",
    "!**/lib",
    "!**/storybook-static",
    "!**/lib",
    "!**/.next",
  ],
  "DEFAULT_PLUGIN": Array [
    "jpegtran",
    "pngquant",
    "svgo",
    "gifsicle",
  ],
  "__esModule": true,
}
`;
